ðŸ“Š Alpha stETH Deposits (Validated)
    
ðŸ“ˆ Chunk 1/1

ðŸ’° Total: 3 transactions, 15.683489 ETH (â‰ˆ $71,798.07)

ðŸ”— Start Block: 23300000

Date       | Amount ETH | Transaction Hash
-----------|------------|------------------

2025-09-18 | 11.000000 ETH | 0x13bd3a513182be7a0569c2abaf8497b866774a9df2a27c30de14386f4d9b1d71
2025-09-11 | 4.683488 ETH | 0x6ef3b606dc9f3229fd597fc0a890772dce87f5554e80ea3d1008cefcfad7485d
2025-09-10 | 0.000001 ETH | 0x4d43a9a3ea7bdfd3fe3e05fb51a3f4fd757d39ec2650f308a096edc31b5e2b93

âœ… All transactions validated and from production data only